// Jest Snapshot v1, https://goo.gl/fbAQLP

exports[`components Header.vue snapshot 1`] = `
<div class="header">
  Header
</div>
`;
