// Jest Snapshot v1, https://goo.gl/fbAQLP

exports[`Match the snapshot 1`] = `
<div class="parent">
  Parent
  <child-stub></child-stub>
</div>
`;
